{"block": {"bar": "cfg01_bar", "baz": "cfg01_baz", "bowser": "cmdline_bowser", "foo": "cfg02_foo", "foobar": {"cfg01_key": "cfg01_val"}, "fubar": "snake_fubar", "qux": "cfg02_qux", "toad": "cmdline_toad"}}
