The first input file is test2.in
The named input file is test.in
The requested number of threads is 1
