Program: bcftools (Tools for variant calling and manipulating VCFs and BCFs)
